
> build
> next build --no-lint

 ÔÜá Linting is disabled.
